2026-05-30 23:21:26 Iniciando. versionInstalada=4.0 exe=C:\SistemaBiblioteca\ControlBiblioteca.Client.exe
2026-05-30 23:21:26 bak previo eliminado.
2026-05-30 23:21:26 new previo eliminado.
2026-05-30 23:21:26 Versión servidor='4.0' | instalada='4.0'
2026-05-30 23:21:26 Sin actualización necesaria (servidor no es mayor).
2026-05-30 23:22:11 Iniciando. versionInstalada=4.0 exe=C:\SistemaBiblioteca\ControlBiblioteca.Client.exe
2026-05-30 23:22:11 bak previo eliminado.
2026-05-30 23:22:11 new previo eliminado.
2026-05-30 23:22:11 Versión servidor='4.0' | instalada='4.0'
2026-05-30 23:22:11 Sin actualización necesaria (servidor no es mayor).
2026-05-30 23:23:11 Iniciando. versionInstalada=4.0 exe=C:\SistemaBiblioteca\ControlBiblioteca.Client.exe
2026-05-30 23:23:11 bak previo eliminado.
2026-05-30 23:23:11 new previo eliminado.
2026-05-30 23:23:11 Versión servidor='4.0' | instalada='4.0'
2026-05-30 23:23:11 Sin actualización necesaria (servidor no es mayor).
2026-05-30 23:24:11 Iniciando. versionInstalada=4.0 exe=C:\SistemaBiblioteca\ControlBiblioteca.Client.exe
2026-05-30 23:24:11 bak previo eliminado.
2026-05-30 23:24:11 new previo eliminado.
2026-05-30 23:24:11 Versión servidor='4.0' | instalada='4.0'
2026-05-30 23:24:11 Sin actualización necesaria (servidor no es mayor).
2026-05-30 23:25:11 Iniciando. versionInstalada=4.0 exe=C:\SistemaBiblioteca\ControlBiblioteca.Client.exe
2026-05-30 23:25:11 bak previo eliminado.
2026-05-30 23:25:11 new previo eliminado.
2026-05-30 23:25:11 Versión servidor='4.0' | instalada='4.0'
2026-05-30 23:25:11 Sin actualización necesaria (servidor no es mayor).
